<html>
<body>
<pre>
<h1>礦ision Build Log</h1>
<h2>Project:</h2>
E:\product\STM32F103VET6\MINI板STM32F103VET6资料包\MINI-STM32F103VET6板资料\MINI板实验代码\基本例程-USART收发\通过USART1 收发数据\USER\STM32-DEMO.uvproj
Project File Date:  02/28/2013

<h2>Output:</h2>
Build target 'USART1-DEMO'
assembling startup_stm32f10x_hd.s...
compiling main.c...
compiling stm32f10x_it.c...
compiling usart1.c...
compiling stm32f10x_gpio.c...
compiling stm32f10x_rcc.c...
compiling stm32f10x_usart.c...
compiling core_cm3.c...
compiling system_stm32f10x.c...
linking...
Program Size: Code=3312 RO-data=336 RW-data=20 ZI-data=516  
FromELF: creating hex file...
"..\Output\STM32-DEMO.axf" - 0 Error(s), 0 Warning(s).
Load "..\\Output\\STM32-DEMO.AXF" 
Set JLink Project File to "E:\product\STM32F103VET6\MINI板STM32F103VET6资料包\MINI-STM32F103VET6板资料\MINI板实验代码\基本例程-USART收发\通过USART1 收发数据\USER\JLinkSettings.ini"
 
JLink info:
------------
DLL: V4.80 , compiled Dec 20 2013 19:37:53
Firmware: J-Link ARM V8 compiled Nov 25 2013 19:20:08
Hardware: V8.00
S/N : 308622867 
Feature(s) : RDI,FlashDL,FlashBP,JFlash,GDBFULL 
 
* JLink Info: TotalIRLen = 9, IRPrint = 0x0011
* JLink Info: Found Cortex-M3 r1p1, Little endian.
* JLink Info: FPUnit: 6 code (BP) slots and 2 literal slots
* JLink Info: TPIU fitted.
* JLink Info: ETM fitted.
ROMTableAddr = 0xE00FF003
 
Target info:
------------
Device: STM32F103VE
* JLink Info: Device "STM32F103VE" selected (512 KB flash, 64 KB RAM).
VTarget = 3.623V
State of Pins: 
TCK: 1, TDI: 0, TDO: 1, TMS: 0, TRES: 1, TRST: 1
Hardware-Breakpoints: 6
Software-Breakpoints: 8192
Watchpoints:          4
JTAG speed: 2000 kHz
 
Full Chip Erase Done.
Programming Done.
Verify OK.
Application running ...
