Component: ARM Compiler 5.06 update 5 (build 528) Tool: armlink [4d35e2]

==============================================================================

Section Cross References

    startup_stm32f10x_hd.o(RESET) refers to startup_stm32f10x_hd.o(.text) for Reset_Handler
    startup_stm32f10x_hd.o(RESET) refers to stm32f10x_it.o(.text) for NMI_Handler
    startup_stm32f10x_hd.o(.text) refers to startup_stm32f10x_hd.o(STACK) for __initial_sp
    startup_stm32f10x_hd.o(.text) refers to entry.o(.ARM.Collect$$$$00000000) for __main
    stm32f10x_it.o(.text) refers to global.o(.text) for SetTimeSlickTick
    stm32f10x_it.o(.text) refers to stm32f10x_usart.o(.text) for USART_GetITStatus
    stm32f10x_it.o(.text) refers to queue_api.o(.text) for InsertQueueValue
    stm32f10x_it.o(.text) refers to queue_api.o(.bss) for Uart1ReceiveQueue
    main.o(.text) refers to system_stm32f10x.o(.text) for SystemInit
    main.o(.text) refers to bsp.o(.text) for bsp_init
    main.o(.text) refers to adc.o(.text) for printf_adc_value
    main.o(.text) refers to gpio.o(.text) for led_toggle
    main.o(.text) refers to arm_receive.o(.text) for arm_receive
    main.o(.text) refers to manage.o(.text) for manage
    main.o(.text) refers to global.o(.data) for TICK_2MS_EVENT
    bsp.o(.text) refers to queue_api.o(.text) for CreateQueue
    bsp.o(.text) refers to gpio.o(.text) for gpio_config
    bsp.o(.text) refers to usart.o(.text) for usart1_config
    bsp.o(.text) refers to nvic.o(.text) for nvic_config
    bsp.o(.text) refers to adc.o(.text) for adc_init
    bsp.o(.text) refers to queue_api.o(.bss) for uart1_rx_buff
    stm32f10x_gpio.o(.text) refers to stm32f10x_rcc.o(.text) for RCC_APB2PeriphResetCmd
    stm32f10x_rcc.o(.text) refers to stm32f10x_rcc.o(.data) for APBAHBPrescTable
    stm32f10x_usart.o(.text) refers to stm32f10x_rcc.o(.text) for RCC_APB2PeriphResetCmd
    stm32f10x_tim.o(.text) refers to stm32f10x_rcc.o(.text) for RCC_APB2PeriphResetCmd
    stm32f10x_adc.o(.text) refers to stm32f10x_rcc.o(.text) for RCC_APB2PeriphResetCmd
    queue_api.o(.text) refers to printfa.o(i.__0printf) for __2printf
    manage.o(.text) refers to queue_api.o(.text) for GetQueneValue
    manage.o(.text) refers to manage_handle.o(.text) for Manage_Handle
    manage.o(.text) refers to printfa.o(i.__0printf) for __2printf
    manage.o(.text) refers to queue_api.o(.bss) for Uart1ReceiveQueue
    manage.o(.text) refers to manage.o(.data) for mLength
    manage.o(.text) refers to manage.o(.bss) for mBuffer
    manage_handle.o(.text) refers to printfa.o(i.__0printf) for __2printf
    manage_handle.o(.text) refers to strcmp.o(.text) for strcmp
    manage_handle.o(.text) refers to memseta.o(.text) for __aeabi_memclr4
    manage_handle.o(.text) refers to global.o(.text) for byte_crc
    manage_handle.o(.text) refers to usart.o(.text) for uart4_send_byte
    manage_handle.o(.text) refers to strlen.o(.text) for strlen
    manage_handle.o(.text) refers to manage_handle.o(.data) for pHelpBuffer
    manage_handle.o(.data) refers to manage_handle.o(.conststring) for .conststring
    arm_receive.o(.text) refers to printfa.o(i.__0printf) for __2printf
    arm_receive.o(.text) refers to queue_api.o(.text) for GetQueneValue
    arm_receive.o(.text) refers to global.o(.text) for byte_crc
    arm_receive.o(.text) refers to queue_api.o(.bss) for Uart4ReceiveQueue
    arm_receive.o(.text) refers to arm_receive.o(.data) for mState
    arm_receive.o(.text) refers to arm_receive.o(.bss) for mBuffer
    usart.o(.text) refers to stm32f10x_rcc.o(.text) for RCC_APB2PeriphClockCmd
    usart.o(.text) refers to stm32f10x_gpio.o(.text) for GPIO_Init
    usart.o(.text) refers to stm32f10x_usart.o(.text) for USART_Init
    usart.o(.text) refers to printfa.o(i.__0printf) for __2printf
    usart.o(.text) refers to queue_api.o(.text) for InsertQueueValue
    usart.o(.text) refers to queue_api.o(.bss) for Uart4TransmitQueue
    tim.o(.text) refers to stm32f10x_rcc.o(.text) for RCC_APB1PeriphClockCmd
    tim.o(.text) refers to stm32f10x_gpio.o(.text) for GPIO_Init
    tim.o(.text) refers to stm32f10x_tim.o(.text) for TIM_TimeBaseInit
    tim.o(.text) refers to tim.o(.data) for PrescalerValue
    tim.o(.text) refers to tim.o(.bss) for TIM_TimeBaseStructure
    nvic.o(.text) refers to misc.o(.text) for NVIC_PriorityGroupConfig
    global.o(.text) refers to stm32f10x_usart.o(.text) for USART_SendData
    global.o(.text) refers to global.o(.data) for count_by_1ms
    gpio.o(.text) refers to stm32f10x_rcc.o(.text) for RCC_APB2PeriphClockCmd
    gpio.o(.text) refers to stm32f10x_gpio.o(.text) for GPIO_Init
    gpio.o(.text) refers to gpio.o(.data) for i
    adc.o(.text) refers to stm32f10x_rcc.o(.text) for RCC_APB2PeriphClockCmd
    adc.o(.text) refers to stm32f10x_gpio.o(.text) for GPIO_Init
    adc.o(.text) refers to stm32f10x_dma.o(.text) for DMA_DeInit
    adc.o(.text) refers to stm32f10x_adc.o(.text) for ADC_Init
    adc.o(.text) refers to ffltui.o(.text) for __aeabi_ui2f
    adc.o(.text) refers to fdiv.o(.text) for __aeabi_fdiv
    adc.o(.text) refers to f2d.o(.text) for __aeabi_f2d
    adc.o(.text) refers to dmul.o(.text) for __aeabi_dmul
    adc.o(.text) refers to d2f.o(.text) for __aeabi_d2f
    adc.o(.text) refers to adc.o(.bss) for ADC_ConvertedValue
    adc.o(.text) refers to printfa.o(i.__0printf) for __2printf
    entry.o(.ARM.Collect$$$$00000000) refers (Special) to entry10a.o(.ARM.Collect$$$$0000000D) for __rt_final_cpp
    entry.o(.ARM.Collect$$$$00000000) refers (Special) to entry11a.o(.ARM.Collect$$$$0000000F) for __rt_final_exit
    entry.o(.ARM.Collect$$$$00000000) refers (Special) to entry7b.o(.ARM.Collect$$$$00000008) for _main_clock
    entry.o(.ARM.Collect$$$$00000000) refers (Special) to entry8b.o(.ARM.Collect$$$$0000000A) for _main_cpp_init
    entry.o(.ARM.Collect$$$$00000000) refers (Special) to entry9a.o(.ARM.Collect$$$$0000000B) for _main_init
    entry.o(.ARM.Collect$$$$00000000) refers (Special) to entry5.o(.ARM.Collect$$$$00000004) for _main_scatterload
    entry.o(.ARM.Collect$$$$00000000) refers (Special) to entry2.o(.ARM.Collect$$$$00000001) for _main_stk
    printfb.o(i.__0fprintf$bare) refers to printfb.o(i._printf_core) for _printf_core
    printfb.o(i.__0fprintf$bare) refers to global.o(.text) for fputc
    printfb.o(i.__0printf$bare) refers to printfb.o(i._printf_core) for _printf_core
    printfb.o(i.__0printf$bare) refers to global.o(.text) for fputc
    printfb.o(i.__0printf$bare) refers to stdout.o(.data) for __stdout
    printfb.o(i.__0snprintf$bare) refers to printfb.o(i._printf_core) for _printf_core
    printfb.o(i.__0snprintf$bare) refers to printfb.o(i._snputc) for _snputc
    printfb.o(i.__0sprintf$bare) refers to printfb.o(i._printf_core) for _printf_core
    printfb.o(i.__0sprintf$bare) refers to printfb.o(i._sputc) for _sputc
    printfb.o(i.__0vfprintf$bare) refers to printfb.o(i._printf_core) for _printf_core
    printfb.o(i.__0vfprintf$bare) refers to global.o(.text) for fputc
    printfb.o(i.__0vprintf$bare) refers to printfb.o(i._printf_core) for _printf_core
    printfb.o(i.__0vprintf$bare) refers to global.o(.text) for fputc
    printfb.o(i.__0vprintf$bare) refers to stdout.o(.data) for __stdout
    printfb.o(i.__0vsnprintf$bare) refers to printfb.o(i._printf_core) for _printf_core
    printfb.o(i.__0vsnprintf$bare) refers to printfb.o(i._snputc) for _snputc
    printfb.o(i.__0vsprintf$bare) refers to printfb.o(i._printf_core) for _printf_core
    printfb.o(i.__0vsprintf$bare) refers to printfb.o(i._sputc) for _sputc
    printf0.o(i.__0fprintf$0) refers to printf0.o(i._printf_core) for _printf_core
    printf0.o(i.__0fprintf$0) refers to global.o(.text) for fputc
    printf0.o(i.__0printf$0) refers to printf0.o(i._printf_core) for _printf_core
    printf0.o(i.__0printf$0) refers to global.o(.text) for fputc
    printf0.o(i.__0printf$0) refers to stdout.o(.data) for __stdout
    printf0.o(i.__0snprintf$0) refers to printf0.o(i._printf_core) for _printf_core
    printf0.o(i.__0snprintf$0) refers to printf0.o(i._snputc) for _snputc
    printf0.o(i.__0sprintf$0) refers to printf0.o(i._printf_core) for _printf_core
    printf0.o(i.__0sprintf$0) refers to printf0.o(i._sputc) for _sputc
    printf0.o(i.__0vfprintf$0) refers to printf0.o(i._printf_core) for _printf_core
    printf0.o(i.__0vfprintf$0) refers to global.o(.text) for fputc
    printf0.o(i.__0vprintf$0) refers to printf0.o(i._printf_core) for _printf_core
    printf0.o(i.__0vprintf$0) refers to global.o(.text) for fputc
    printf0.o(i.__0vprintf$0) refers to stdout.o(.data) for __stdout
    printf0.o(i.__0vsnprintf$0) refers to printf0.o(i._printf_core) for _printf_core
    printf0.o(i.__0vsnprintf$0) refers to printf0.o(i._snputc) for _snputc
    printf0.o(i.__0vsprintf$0) refers to printf0.o(i._printf_core) for _printf_core
    printf0.o(i.__0vsprintf$0) refers to printf0.o(i._sputc) for _sputc
    printf1.o(i.__0fprintf$1) refers to printf1.o(i._printf_core) for _printf_core
    printf1.o(i.__0fprintf$1) refers to global.o(.text) for fputc
    printf1.o(i.__0printf$1) refers to printf1.o(i._printf_core) for _printf_core
    printf1.o(i.__0printf$1) refers to global.o(.text) for fputc
    printf1.o(i.__0printf$1) refers to stdout.o(.data) for __stdout
    printf1.o(i.__0snprintf$1) refers to printf1.o(i._printf_core) for _printf_core
    printf1.o(i.__0snprintf$1) refers to printf1.o(i._snputc) for _snputc
    printf1.o(i.__0sprintf$1) refers to printf1.o(i._printf_core) for _printf_core
    printf1.o(i.__0sprintf$1) refers to printf1.o(i._sputc) for _sputc
    printf1.o(i.__0vfprintf$1) refers to printf1.o(i._printf_core) for _printf_core
    printf1.o(i.__0vfprintf$1) refers to global.o(.text) for fputc
    printf1.o(i.__0vprintf$1) refers to printf1.o(i._printf_core) for _printf_core
    printf1.o(i.__0vprintf$1) refers to global.o(.text) for fputc
    printf1.o(i.__0vprintf$1) refers to stdout.o(.data) for __stdout
    printf1.o(i.__0vsnprintf$1) refers to printf1.o(i._printf_core) for _printf_core
    printf1.o(i.__0vsnprintf$1) refers to printf1.o(i._snputc) for _snputc
    printf1.o(i.__0vsprintf$1) refers to printf1.o(i._printf_core) for _printf_core
    printf1.o(i.__0vsprintf$1) refers to printf1.o(i._sputc) for _sputc
    printf1.o(i._printf_core) refers to uidiv.o(.text) for __aeabi_uidivmod
    printf2.o(i.__0fprintf$2) refers to printf2.o(i._printf_core) for _printf_core
    printf2.o(i.__0fprintf$2) refers to global.o(.text) for fputc
    printf2.o(i.__0printf$2) refers to printf2.o(i._printf_core) for _printf_core
    printf2.o(i.__0printf$2) refers to global.o(.text) for fputc
    printf2.o(i.__0printf$2) refers to stdout.o(.data) for __stdout
    printf2.o(i.__0snprintf$2) refers to printf2.o(i._printf_core) for _printf_core
    printf2.o(i.__0snprintf$2) refers to printf2.o(i._snputc) for _snputc
    printf2.o(i.__0sprintf$2) refers to printf2.o(i._printf_core) for _printf_core
    printf2.o(i.__0sprintf$2) refers to printf2.o(i._sputc) for _sputc
    printf2.o(i.__0vfprintf$2) refers to printf2.o(i._printf_core) for _printf_core
    printf2.o(i.__0vfprintf$2) refers to global.o(.text) for fputc
    printf2.o(i.__0vprintf$2) refers to printf2.o(i._printf_core) for _printf_core
    printf2.o(i.__0vprintf$2) refers to global.o(.text) for fputc
    printf2.o(i.__0vprintf$2) refers to stdout.o(.data) for __stdout
    printf2.o(i.__0vsnprintf$2) refers to printf2.o(i._printf_core) for _printf_core
    printf2.o(i.__0vsnprintf$2) refers to printf2.o(i._snputc) for _snputc
    printf2.o(i.__0vsprintf$2) refers to printf2.o(i._printf_core) for _printf_core
    printf2.o(i.__0vsprintf$2) refers to printf2.o(i._sputc) for _sputc
    printf3.o(i.__0fprintf$3) refers to printf3.o(i._printf_core) for _printf_core
    printf3.o(i.__0fprintf$3) refers to global.o(.text) for fputc
    printf3.o(i.__0printf$3) refers to printf3.o(i._printf_core) for _printf_core
    printf3.o(i.__0printf$3) refers to global.o(.text) for fputc
    printf3.o(i.__0printf$3) refers to stdout.o(.data) for __stdout
    printf3.o(i.__0snprintf$3) refers to printf3.o(i._printf_core) for _printf_core
    printf3.o(i.__0snprintf$3) refers to printf3.o(i._snputc) for _snputc
    printf3.o(i.__0sprintf$3) refers to printf3.o(i._printf_core) for _printf_core
    printf3.o(i.__0sprintf$3) refers to printf3.o(i._sputc) for _sputc
    printf3.o(i.__0vfprintf$3) refers to printf3.o(i._printf_core) for _printf_core
    printf3.o(i.__0vfprintf$3) refers to global.o(.text) for fputc
    printf3.o(i.__0vprintf$3) refers to printf3.o(i._printf_core) for _printf_core
    printf3.o(i.__0vprintf$3) refers to global.o(.text) for fputc
    printf3.o(i.__0vprintf$3) refers to stdout.o(.data) for __stdout
    printf3.o(i.__0vsnprintf$3) refers to printf3.o(i._printf_core) for _printf_core
    printf3.o(i.__0vsnprintf$3) refers to printf3.o(i._snputc) for _snputc
    printf3.o(i.__0vsprintf$3) refers to printf3.o(i._printf_core) for _printf_core
    printf3.o(i.__0vsprintf$3) refers to printf3.o(i._sputc) for _sputc
    printf3.o(i._printf_core) refers to uidiv.o(.text) for __aeabi_uidivmod
    printf4.o(i.__0fprintf$4) refers to printf4.o(i._printf_core) for _printf_core
    printf4.o(i.__0fprintf$4) refers to global.o(.text) for fputc
    printf4.o(i.__0printf$4) refers to printf4.o(i._printf_core) for _printf_core
    printf4.o(i.__0printf$4) refers to global.o(.text) for fputc
    printf4.o(i.__0printf$4) refers to stdout.o(.data) for __stdout
    printf4.o(i.__0snprintf$4) refers to printf4.o(i._printf_core) for _printf_core
    printf4.o(i.__0snprintf$4) refers to printf4.o(i._snputc) for _snputc
    printf4.o(i.__0sprintf$4) refers to printf4.o(i._printf_core) for _printf_core
    printf4.o(i.__0sprintf$4) refers to printf4.o(i._sputc) for _sputc
    printf4.o(i.__0vfprintf$4) refers to printf4.o(i._printf_core) for _printf_core
    printf4.o(i.__0vfprintf$4) refers to global.o(.text) for fputc
    printf4.o(i.__0vprintf$4) refers to printf4.o(i._printf_core) for _printf_core
    printf4.o(i.__0vprintf$4) refers to global.o(.text) for fputc
    printf4.o(i.__0vprintf$4) refers to stdout.o(.data) for __stdout
    printf4.o(i.__0vsnprintf$4) refers to printf4.o(i._printf_core) for _printf_core
    printf4.o(i.__0vsnprintf$4) refers to printf4.o(i._snputc) for _snputc
    printf4.o(i.__0vsprintf$4) refers to printf4.o(i._printf_core) for _printf_core
    printf4.o(i.__0vsprintf$4) refers to printf4.o(i._sputc) for _sputc
    printf4.o(i._printf_core) refers to uldiv.o(.text) for __aeabi_uldivmod
    printf5.o(i.__0fprintf$5) refers to printf5.o(i._printf_core) for _printf_core
    printf5.o(i.__0fprintf$5) refers to global.o(.text) for fputc
    printf5.o(i.__0printf$5) refers to printf5.o(i._printf_core) for _printf_core
    printf5.o(i.__0printf$5) refers to global.o(.text) for fputc
    printf5.o(i.__0printf$5) refers to stdout.o(.data) for __stdout
    printf5.o(i.__0snprintf$5) refers to printf5.o(i._printf_core) for _printf_core
    printf5.o(i.__0snprintf$5) refers to printf5.o(i._snputc) for _snputc
    printf5.o(i.__0sprintf$5) refers to printf5.o(i._printf_core) for _printf_core
    printf5.o(i.__0sprintf$5) refers to printf5.o(i._sputc) for _sputc
    printf5.o(i.__0vfprintf$5) refers to printf5.o(i._printf_core) for _printf_core
    printf5.o(i.__0vfprintf$5) refers to global.o(.text) for fputc
    printf5.o(i.__0vprintf$5) refers to printf5.o(i._printf_core) for _printf_core
    printf5.o(i.__0vprintf$5) refers to global.o(.text) for fputc
    printf5.o(i.__0vprintf$5) refers to stdout.o(.data) for __stdout
    printf5.o(i.__0vsnprintf$5) refers to printf5.o(i._printf_core) for _printf_core
    printf5.o(i.__0vsnprintf$5) refers to printf5.o(i._snputc) for _snputc
    printf5.o(i.__0vsprintf$5) refers to printf5.o(i._printf_core) for _printf_core
    printf5.o(i.__0vsprintf$5) refers to printf5.o(i._sputc) for _sputc
    printf5.o(i._printf_core) refers to uldiv.o(.text) for __aeabi_uldivmod
    printf6.o(i.__0fprintf$6) refers to printf6.o(i._printf_core) for _printf_core
    printf6.o(i.__0fprintf$6) refers to global.o(.text) for fputc
    printf6.o(i.__0printf$6) refers to printf6.o(i._printf_core) for _printf_core
    printf6.o(i.__0printf$6) refers to global.o(.text) for fputc
    printf6.o(i.__0printf$6) refers to stdout.o(.data) for __stdout
    printf6.o(i.__0snprintf$6) refers to printf6.o(i._printf_core) for _printf_core
    printf6.o(i.__0snprintf$6) refers to printf6.o(i._snputc) for _snputc
    printf6.o(i.__0sprintf$6) refers to printf6.o(i._printf_core) for _printf_core
    printf6.o(i.__0sprintf$6) refers to printf6.o(i._sputc) for _sputc
    printf6.o(i.__0vfprintf$6) refers to printf6.o(i._printf_core) for _printf_core
    printf6.o(i.__0vfprintf$6) refers to global.o(.text) for fputc
    printf6.o(i.__0vprintf$6) refers to printf6.o(i._printf_core) for _printf_core
    printf6.o(i.__0vprintf$6) refers to global.o(.text) for fputc
    printf6.o(i.__0vprintf$6) refers to stdout.o(.data) for __stdout
    printf6.o(i.__0vsnprintf$6) refers to printf6.o(i._printf_core) for _printf_core
    printf6.o(i.__0vsnprintf$6) refers to printf6.o(i._snputc) for _snputc
    printf6.o(i.__0vsprintf$6) refers to printf6.o(i._printf_core) for _printf_core
    printf6.o(i.__0vsprintf$6) refers to printf6.o(i._sputc) for _sputc
    printf6.o(i._printf_core) refers to printf6.o(i._printf_pre_padding) for _printf_pre_padding
    printf6.o(i._printf_core) refers to uidiv.o(.text) for __aeabi_uidivmod
    printf6.o(i._printf_core) refers to printf6.o(i._printf_post_padding) for _printf_post_padding
    printf7.o(i.__0fprintf$7) refers to printf7.o(i._printf_core) for _printf_core
    printf7.o(i.__0fprintf$7) refers to global.o(.text) for fputc
    printf7.o(i.__0printf$7) refers to printf7.o(i._printf_core) for _printf_core
    printf7.o(i.__0printf$7) refers to global.o(.text) for fputc
    printf7.o(i.__0printf$7) refers to stdout.o(.data) for __stdout
    printf7.o(i.__0snprintf$7) refers to printf7.o(i._printf_core) for _printf_core
    printf7.o(i.__0snprintf$7) refers to printf7.o(i._snputc) for _snputc
    printf7.o(i.__0sprintf$7) refers to printf7.o(i._printf_core) for _printf_core
    printf7.o(i.__0sprintf$7) refers to printf7.o(i._sputc) for _sputc
    printf7.o(i.__0vfprintf$7) refers to printf7.o(i._printf_core) for _printf_core
    printf7.o(i.__0vfprintf$7) refers to global.o(.text) for fputc
    printf7.o(i.__0vprintf$7) refers to printf7.o(i._printf_core) for _printf_core
    printf7.o(i.__0vprintf$7) refers to global.o(.text) for fputc
    printf7.o(i.__0vprintf$7) refers to stdout.o(.data) for __stdout
    printf7.o(i.__0vsnprintf$7) refers to printf7.o(i._printf_core) for _printf_core
    printf7.o(i.__0vsnprintf$7) refers to printf7.o(i._snputc) for _snputc
    printf7.o(i.__0vsprintf$7) refers to printf7.o(i._printf_core) for _printf_core
    printf7.o(i.__0vsprintf$7) refers to printf7.o(i._sputc) for _sputc
    printf7.o(i._printf_core) refers to printf7.o(i._printf_pre_padding) for _printf_pre_padding
    printf7.o(i._printf_core) refers to uldiv.o(.text) for __aeabi_uldivmod
    printf7.o(i._printf_core) refers to printf7.o(i._printf_post_padding) for _printf_post_padding
    printf8.o(i.__0fprintf$8) refers to printf8.o(i._printf_core) for _printf_core
    printf8.o(i.__0fprintf$8) refers to global.o(.text) for fputc
    printf8.o(i.__0printf$8) refers to printf8.o(i._printf_core) for _printf_core
    printf8.o(i.__0printf$8) refers to global.o(.text) for fputc
    printf8.o(i.__0printf$8) refers to stdout.o(.data) for __stdout
    printf8.o(i.__0snprintf$8) refers to printf8.o(i._printf_core) for _printf_core
    printf8.o(i.__0snprintf$8) refers to printf8.o(i._snputc) for _snputc
    printf8.o(i.__0sprintf$8) refers to printf8.o(i._printf_core) for _printf_core
    printf8.o(i.__0sprintf$8) refers to printf8.o(i._sputc) for _sputc
    printf8.o(i.__0vfprintf$8) refers to printf8.o(i._printf_core) for _printf_core
    printf8.o(i.__0vfprintf$8) refers to global.o(.text) for fputc
    printf8.o(i.__0vprintf$8) refers to printf8.o(i._printf_core) for _printf_core
    printf8.o(i.__0vprintf$8) refers to global.o(.text) for fputc
    printf8.o(i.__0vprintf$8) refers to stdout.o(.data) for __stdout
    printf8.o(i.__0vsnprintf$8) refers to printf8.o(i._printf_core) for _printf_core
    printf8.o(i.__0vsnprintf$8) refers to printf8.o(i._snputc) for _snputc
    printf8.o(i.__0vsprintf$8) refers to printf8.o(i._printf_core) for _printf_core
    printf8.o(i.__0vsprintf$8) refers to printf8.o(i._sputc) for _sputc
    printf8.o(i._printf_core) refers to printf8.o(i._printf_pre_padding) for _printf_pre_padding
    printf8.o(i._printf_core) refers to uldiv.o(.text) for __aeabi_uldivmod
    printf8.o(i._printf_core) refers to printf8.o(i._printf_post_padding) for _printf_post_padding
    printfa.o(i.__0fprintf) refers (Special) to iusefp.o(.text) for __I$use$fp
    printfa.o(i.__0fprintf) refers to printfa.o(i._printf_core) for _printf_core
    printfa.o(i.__0fprintf) refers to global.o(.text) for fputc
    printfa.o(i.__0printf) refers (Special) to iusefp.o(.text) for __I$use$fp
    printfa.o(i.__0printf) refers to printfa.o(i._printf_core) for _printf_core
    printfa.o(i.__0printf) refers to global.o(.text) for fputc
    printfa.o(i.__0printf) refers to stdout.o(.data) for __stdout
    printfa.o(i.__0snprintf) refers (Special) to iusefp.o(.text) for __I$use$fp
    printfa.o(i.__0snprintf) refers to printfa.o(i._printf_core) for _printf_core
    printfa.o(i.__0snprintf) refers to printfa.o(i._snputc) for _snputc
    printfa.o(i.__0sprintf) refers (Special) to iusefp.o(.text) for __I$use$fp
    printfa.o(i.__0sprintf) refers to printfa.o(i._printf_core) for _printf_core
    printfa.o(i.__0sprintf) refers to printfa.o(i._sputc) for _sputc
    printfa.o(i.__0vfprintf) refers (Special) to iusefp.o(.text) for __I$use$fp
    printfa.o(i.__0vfprintf) refers to printfa.o(i._printf_core) for _printf_core
    printfa.o(i.__0vfprintf) refers to global.o(.text) for fputc
    printfa.o(i.__0vprintf) refers (Special) to iusefp.o(.text) for __I$use$fp
    printfa.o(i.__0vprintf) refers to printfa.o(i._printf_core) for _printf_core
    printfa.o(i.__0vprintf) refers to global.o(.text) for fputc
    printfa.o(i.__0vprintf) refers to stdout.o(.data) for __stdout
    printfa.o(i.__0vsnprintf) refers (Special) to iusefp.o(.text) for __I$use$fp
    printfa.o(i.__0vsnprintf) refers to printfa.o(i._printf_core) for _printf_core
    printfa.o(i.__0vsnprintf) refers to printfa.o(i._snputc) for _snputc
    printfa.o(i.__0vsprintf) refers (Special) to iusefp.o(.text) for __I$use$fp
    printfa.o(i.__0vsprintf) refers to printfa.o(i._printf_core) for _printf_core
    printfa.o(i.__0vsprintf) refers to printfa.o(i._sputc) for _sputc
    printfa.o(i._fp_digits) refers (Special) to iusefp.o(.text) for __I$use$fp
    printfa.o(i._fp_digits) refers to dmul.o(.text) for __aeabi_dmul
    printfa.o(i._fp_digits) refers to ddiv.o(.text) for __aeabi_ddiv
    printfa.o(i._fp_digits) refers to cdrcmple.o(.text) for __aeabi_cdrcmple
    printfa.o(i._fp_digits) refers to dadd.o(.text) for __aeabi_dadd
    printfa.o(i._fp_digits) refers to dfixul.o(.text) for __aeabi_d2ulz
    printfa.o(i._fp_digits) refers to uldiv.o(.text) for __aeabi_uldivmod
    printfa.o(i._printf_core) refers (Special) to iusefp.o(.text) for __I$use$fp
    printfa.o(i._printf_core) refers to printfa.o(i._printf_pre_padding) for _printf_pre_padding
    printfa.o(i._printf_core) refers to uldiv.o(.text) for __aeabi_uldivmod
    printfa.o(i._printf_core) refers to printfa.o(i._printf_post_padding) for _printf_post_padding
    printfa.o(i._printf_core) refers to printfa.o(i._fp_digits) for _fp_digits
    printfa.o(i._printf_core) refers to uidiv.o(.text) for __aeabi_uidivmod
    printfa.o(i._printf_post_padding) refers (Special) to iusefp.o(.text) for __I$use$fp
    printfa.o(i._printf_pre_padding) refers (Special) to iusefp.o(.text) for __I$use$fp
    printfa.o(i._snputc) refers (Special) to iusefp.o(.text) for __I$use$fp
    printfa.o(i._sputc) refers (Special) to iusefp.o(.text) for __I$use$fp
    fdiv.o(.text) refers (Special) to iusefp.o(.text) for __I$use$fp
    fdiv.o(.text) refers to fepilogue.o(.text) for _float_round
    dmul.o(.text) refers (Special) to iusefp.o(.text) for __I$use$fp
    dmul.o(.text) refers to depilogue.o(.text) for _double_epilogue
    ffltui.o(.text) refers (Special) to iusefp.o(.text) for __I$use$fp
    ffltui.o(.text) refers to fepilogue.o(.text) for _float_epilogue
    f2d.o(.text) refers (Special) to iusefp.o(.text) for __I$use$fp
    d2f.o(.text) refers (Special) to iusefp.o(.text) for __I$use$fp
    d2f.o(.text) refers to fepilogue.o(.text) for _float_round
    entry2.o(.ARM.Collect$$$$00000001) refers to entry2.o(.ARM.Collect$$$$00002712) for __lit__00000000
    entry2.o(.ARM.Collect$$$$00002712) refers to startup_stm32f10x_hd.o(STACK) for __initial_sp
    entry2.o(__vectab_stack_and_reset_area) refers to startup_stm32f10x_hd.o(STACK) for __initial_sp
    entry2.o(__vectab_stack_and_reset_area) refers to entry.o(.ARM.Collect$$$$00000000) for __main
    entry5.o(.ARM.Collect$$$$00000004) refers to init.o(.text) for __scatterload
    entry9a.o(.ARM.Collect$$$$0000000B) refers to main.o(.text) for main
    entry9b.o(.ARM.Collect$$$$0000000C) refers to main.o(.text) for main
    uldiv.o(.text) refers to llushr.o(.text) for __aeabi_llsr
    uldiv.o(.text) refers to llshl.o(.text) for __aeabi_llsl
    depilogue.o(.text) refers to llshl.o(.text) for __aeabi_llsl
    depilogue.o(.text) refers to llushr.o(.text) for __aeabi_llsr
    dadd.o(.text) refers to llshl.o(.text) for __aeabi_llsl
    dadd.o(.text) refers to llsshr.o(.text) for __aeabi_lasr
    dadd.o(.text) refers to depilogue.o(.text) for _double_epilogue
    ddiv.o(.text) refers to depilogue.o(.text) for _double_round
    dfixul.o(.text) refers to llushr.o(.text) for __aeabi_llsr
    dfixul.o(.text) refers to llshl.o(.text) for __aeabi_llsl
    init.o(.text) refers to entry5.o(.ARM.Collect$$$$00000004) for __main_after_scatterload


==============================================================================

Removing Unused input sections from the image.

    Removing startup_stm32f10x_hd.o(HEAP), (0 bytes).
    Removing stm32f10x_tim.o(.text), (3014 bytes).
    Removing core_cm3.o(.emb_text), (32 bytes).
    Removing system_stm32f10x.o(.constdata), (20 bytes).
    Removing tim.o(.text), (384 bytes).
    Removing tim.o(.bss), (26 bytes).
    Removing tim.o(.data), (10 bytes).

7 unused section(s) (total 3486 bytes) removed from the image.

==============================================================================

Image Symbol Table

    Local Symbols

    Symbol Name                              Value     Ov Type        Size  Object(Section)

    ../clib/microlib/division.c              0x00000000   Number         0  uidiv.o ABSOLUTE
    ../clib/microlib/division.c              0x00000000   Number         0  uldiv.o ABSOLUTE
    ../clib/microlib/init/entry.s            0x00000000   Number         0  entry10a.o ABSOLUTE
    ../clib/microlib/init/entry.s            0x00000000   Number         0  entry.o ABSOLUTE
    ../clib/microlib/init/entry.s            0x00000000   Number         0  entry11b.o ABSOLUTE
    ../clib/microlib/init/entry.s            0x00000000   Number         0  entry11a.o ABSOLUTE
    ../clib/microlib/init/entry.s            0x00000000   Number         0  entry10b.o ABSOLUTE
    ../clib/microlib/init/entry.s            0x00000000   Number         0  entry7a.o ABSOLUTE
    ../clib/microlib/init/entry.s            0x00000000   Number         0  entry9b.o ABSOLUTE
    ../clib/microlib/init/entry.s            0x00000000   Number         0  entry9a.o ABSOLUTE
    ../clib/microlib/init/entry.s            0x00000000   Number         0  entry8b.o ABSOLUTE
    ../clib/microlib/init/entry.s            0x00000000   Number         0  entry8a.o ABSOLUTE
    ../clib/microlib/init/entry.s            0x00000000   Number         0  entry7b.o ABSOLUTE
    ../clib/microlib/init/entry.s            0x00000000   Number         0  entry5.o ABSOLUTE
    ../clib/microlib/init/entry.s            0x00000000   Number         0  entry2.o ABSOLUTE
    ../clib/microlib/longlong.c              0x00000000   Number         0  llsshr.o ABSOLUTE
    ../clib/microlib/longlong.c              0x00000000   Number         0  llshl.o ABSOLUTE
    ../clib/microlib/longlong.c              0x00000000   Number         0  llushr.o ABSOLUTE
    ../clib/microlib/printf/printf.c         0x00000000   Number         0  printf1.o ABSOLUTE
    ../clib/microlib/printf/printf.c         0x00000000   Number         0  printfb.o ABSOLUTE
    ../clib/microlib/printf/printf.c         0x00000000   Number         0  printf0.o ABSOLUTE
    ../clib/microlib/printf/printf.c         0x00000000   Number         0  printf7.o ABSOLUTE
    ../clib/microlib/printf/printf.c         0x00000000   Number         0  printfa.o ABSOLUTE
    ../clib/microlib/printf/printf.c         0x00000000   Number         0  printf8.o ABSOLUTE
    ../clib/microlib/printf/printf.c         0x00000000   Number         0  printf4.o ABSOLUTE
    ../clib/microlib/printf/printf.c         0x00000000   Number         0  printf6.o ABSOLUTE
    ../clib/microlib/printf/printf.c         0x00000000   Number         0  printf5.o ABSOLUTE
    ../clib/microlib/printf/printf.c         0x00000000   Number         0  printf3.o ABSOLUTE
    ../clib/microlib/printf/printf.c         0x00000000   Number         0  printf2.o ABSOLUTE
    ../clib/microlib/printf/stubs.s          0x00000000   Number         0  stubs.o ABSOLUTE
    ../clib/microlib/stdio/streams.c         0x00000000   Number         0  stdout.o ABSOLUTE
    ../clib/microlib/string/memset.c         0x00000000   Number         0  memseta.o ABSOLUTE
    ../clib/microlib/string/strcmp.c         0x00000000   Number         0  strcmp.o ABSOLUTE
    ../clib/microlib/string/strlen.c         0x00000000   Number         0  strlen.o ABSOLUTE
    ../clib/microlib/stubs.s                 0x00000000   Number         0  iusefp.o ABSOLUTE
    ../fplib/microlib/d2f.c                  0x00000000   Number         0  d2f.o ABSOLUTE
    ../fplib/microlib/f2d.c                  0x00000000   Number         0  f2d.o ABSOLUTE
    ../fplib/microlib/fpadd.c                0x00000000   Number         0  dadd.o ABSOLUTE
    ../fplib/microlib/fpdiv.c                0x00000000   Number         0  fdiv.o ABSOLUTE
    ../fplib/microlib/fpdiv.c                0x00000000   Number         0  ddiv.o ABSOLUTE
    ../fplib/microlib/fpepilogue.c           0x00000000   Number         0  depilogue.o ABSOLUTE
    ../fplib/microlib/fpepilogue.c           0x00000000   Number         0  fepilogue.o ABSOLUTE
    ../fplib/microlib/fpfix.c                0x00000000   Number         0  dfixul.o ABSOLUTE
    ../fplib/microlib/fpflt.c                0x00000000   Number         0  ffltui.o ABSOLUTE
    ../fplib/microlib/fpmul.c                0x00000000   Number         0  dmul.o ABSOLUTE
    ..\CMSIS\core_cm3.c                      0x00000000   Number         0  core_cm3.o ABSOLUTE
    ..\CMSIS\startup\startup_stm32f10x_hd.s  0x00000000   Number         0  startup_stm32f10x_hd.o ABSOLUTE
    ..\CMSIS\system_stm32f10x.c              0x00000000   Number         0  system_stm32f10x.o ABSOLUTE
    ..\FWlib\src\misc.c                      0x00000000   Number         0  misc.o ABSOLUTE
    ..\FWlib\src\stm32f10x_adc.c             0x00000000   Number         0  stm32f10x_adc.o ABSOLUTE
    ..\FWlib\src\stm32f10x_dma.c             0x00000000   Number         0  stm32f10x_dma.o ABSOLUTE
    ..\FWlib\src\stm32f10x_gpio.c            0x00000000   Number         0  stm32f10x_gpio.o ABSOLUTE
    ..\FWlib\src\stm32f10x_rcc.c             0x00000000   Number         0  stm32f10x_rcc.o ABSOLUTE
    ..\FWlib\src\stm32f10x_tim.c             0x00000000   Number         0  stm32f10x_tim.o ABSOLUTE
    ..\FWlib\src\stm32f10x_usart.c           0x00000000   Number         0  stm32f10x_usart.o ABSOLUTE
    ..\\CMSIS\\core_cm3.c                    0x00000000   Number         0  core_cm3.o ABSOLUTE
    Driver\src\adc.c                         0x00000000   Number         0  adc.o ABSOLUTE
    Driver\src\arm_receive.c                 0x00000000   Number         0  arm_receive.o ABSOLUTE
    Driver\src\bsp.c                         0x00000000   Number         0  bsp.o ABSOLUTE
    Driver\src\global.c                      0x00000000   Number         0  global.o ABSOLUTE
    Driver\src\gpio.c                        0x00000000   Number         0  gpio.o ABSOLUTE
    Driver\src\manage.c                      0x00000000   Number         0  manage.o ABSOLUTE
    Driver\src\manage_handle.c               0x00000000   Number         0  manage_handle.o ABSOLUTE
    Driver\src\nvic.c                        0x00000000   Number         0  nvic.o ABSOLUTE
    Driver\src\queue_api.c                   0x00000000   Number         0  queue_api.o ABSOLUTE
    Driver\src\tim.c                         0x00000000   Number         0  tim.o ABSOLUTE
    Driver\src\usart.c                       0x00000000   Number         0  usart.o ABSOLUTE
    cdrcmple.s                               0x00000000   Number         0  cdrcmple.o ABSOLUTE
    dc.s                                     0x00000000   Number         0  dc.o ABSOLUTE
    handlers.s                               0x00000000   Number         0  handlers.o ABSOLUTE
    init.s                                   0x00000000   Number         0  init.o ABSOLUTE
    main.c                                   0x00000000   Number         0  main.o ABSOLUTE
    stm32f10x_it.c                           0x00000000   Number         0  stm32f10x_it.o ABSOLUTE
    RESET                                    0x08007000   Section      304  startup_stm32f10x_hd.o(RESET)
    .ARM.Collect$$$$00000000                 0x08007130   Section        0  entry.o(.ARM.Collect$$$$00000000)
    .ARM.Collect$$$$00000001                 0x08007130   Section        4  entry2.o(.ARM.Collect$$$$00000001)
    .ARM.Collect$$$$00000004                 0x08007134   Section        4  entry5.o(.ARM.Collect$$$$00000004)
    .ARM.Collect$$$$00000008                 0x08007138   Section        0  entry7b.o(.ARM.Collect$$$$00000008)
    .ARM.Collect$$$$0000000A                 0x08007138   Section        0  entry8b.o(.ARM.Collect$$$$0000000A)
    .ARM.Collect$$$$0000000B                 0x08007138   Section        8  entry9a.o(.ARM.Collect$$$$0000000B)
    .ARM.Collect$$$$0000000D                 0x08007140   Section        0  entry10a.o(.ARM.Collect$$$$0000000D)
    .ARM.Collect$$$$0000000F                 0x08007140   Section        0  entry11a.o(.ARM.Collect$$$$0000000F)
    .ARM.Collect$$$$00002712                 0x08007140   Section        4  entry2.o(.ARM.Collect$$$$00002712)
    __lit__00000000                          0x08007140   Data           4  entry2.o(.ARM.Collect$$$$00002712)
    .text                                    0x08007144   Section       48  startup_stm32f10x_hd.o(.text)
    .text                                    0x08007174   Section        0  stm32f10x_it.o(.text)
    .text                                    0x080072d4   Section        0  main.o(.text)
    .text                                    0x0800737c   Section        0  bsp.o(.text)
    .text                                    0x0800742c   Section        0  stm32f10x_gpio.o(.text)
    .text                                    0x0800775c   Section        0  stm32f10x_rcc.o(.text)
    .text                                    0x08007afc   Section        0  stm32f10x_usart.o(.text)
    .text                                    0x08007e6c   Section        0  misc.o(.text)
    .text                                    0x08007f48   Section        0  stm32f10x_dma.o(.text)
    .text                                    0x08008188   Section        0  stm32f10x_adc.o(.text)
    .text                                    0x080085b8   Section        0  system_stm32f10x.o(.text)
    SetSysClockTo72                          0x080085b9   Thumb Code   220  system_stm32f10x.o(.text)
    SetSysClock                              0x08008695   Thumb Code     8  system_stm32f10x.o(.text)
    .text                                    0x080086f0   Section        0  queue_api.o(.text)
    .text                                    0x08008900   Section        0  manage.o(.text)
    .text                                    0x08008a84   Section        0  manage_handle.o(.text)
    .text                                    0x08008ef4   Section        0  arm_receive.o(.text)
    .text                                    0x080091cc   Section        0  usart.o(.text)
    .text                                    0x080093cc   Section        0  nvic.o(.text)
    .text                                    0x08009408   Section        0  global.o(.text)
    .text                                    0x08009554   Section        0  gpio.o(.text)
    .text                                    0x080095b4   Section        0  adc.o(.text)
    ADCx_GPIO_Config                         0x080095b5   Thumb Code    88  adc.o(.text)
    ADCx_Mode_Config                         0x0800960d   Thumb Code   436  adc.o(.text)
    .text                                    0x08009e4c   Section        0  memseta.o(.text)
    .text                                    0x08009e70   Section        0  strlen.o(.text)
    .text                                    0x08009e7e   Section        0  strcmp.o(.text)
    .text                                    0x08009e9a   Section        0  fdiv.o(.text)
    .text                                    0x08009f16   Section        0  dmul.o(.text)
    .text                                    0x08009ffa   Section        0  ffltui.o(.text)
    .text                                    0x0800a004   Section        0  f2d.o(.text)
    .text                                    0x0800a02a   Section        0  d2f.o(.text)
    .text                                    0x0800a062   Section        0  uidiv.o(.text)
    .text                                    0x0800a08e   Section        0  uldiv.o(.text)
    .text                                    0x0800a0f0   Section        0  fepilogue.o(.text)
    .text                                    0x0800a0f0   Section        0  iusefp.o(.text)
    .text                                    0x0800a15e   Section        0  depilogue.o(.text)
    .text                                    0x0800a218   Section        0  dadd.o(.text)
    .text                                    0x0800a366   Section        0  ddiv.o(.text)
    .text                                    0x0800a444   Section        0  dfixul.o(.text)
    .text                                    0x0800a474   Section       48  cdrcmple.o(.text)
    .text                                    0x0800a4a4   Section       36  init.o(.text)
    .text                                    0x0800a4c8   Section        0  llshl.o(.text)
    .text                                    0x0800a4e6   Section        0  llushr.o(.text)
    .text                                    0x0800a506   Section        0  llsshr.o(.text)
    i.__0printf                              0x0800a52c   Section        0  printfa.o(i.__0printf)
    i.__scatterload_copy                     0x0800a54c   Section       14  handlers.o(i.__scatterload_copy)
    i.__scatterload_null                     0x0800a55a   Section        2  handlers.o(i.__scatterload_null)
    i.__scatterload_zeroinit                 0x0800a55c   Section       14  handlers.o(i.__scatterload_zeroinit)
    i._fp_digits                             0x0800a56c   Section        0  printfa.o(i._fp_digits)
    _fp_digits                               0x0800a56d   Thumb Code   366  printfa.o(i._fp_digits)
    i._printf_core                           0x0800a6f0   Section        0  printfa.o(i._printf_core)
    _printf_core                             0x0800a6f1   Thumb Code  1744  printfa.o(i._printf_core)
    i._printf_post_padding                   0x0800adcc   Section        0  printfa.o(i._printf_post_padding)
    _printf_post_padding                     0x0800adcd   Thumb Code    36  printfa.o(i._printf_post_padding)
    i._printf_pre_padding                    0x0800adf0   Section        0  printfa.o(i._printf_pre_padding)
    _printf_pre_padding                      0x0800adf1   Thumb Code    46  printfa.o(i._printf_pre_padding)
    .conststring                             0x0800ae20   Section      224  manage_handle.o(.conststring)
    .data                                    0x20000000   Section       20  stm32f10x_rcc.o(.data)
    APBAHBPrescTable                         0x20000000   Data          16  stm32f10x_rcc.o(.data)
    ADCPrescTable                            0x20000010   Data           4  stm32f10x_rcc.o(.data)
    .data                                    0x20000014   Section        3  manage.o(.data)
    mFp                                      0x20000014   Data           1  manage.o(.data)
    mLength                                  0x20000015   Data           1  manage.o(.data)
    mState                                   0x20000016   Data           1  manage.o(.data)
    .data                                    0x20000018   Section       40  manage_handle.o(.data)
    .data                                    0x20000040   Section        2  arm_receive.o(.data)
    mState                                   0x20000040   Data           1  arm_receive.o(.data)
    mFp                                      0x20000041   Data           1  arm_receive.o(.data)
    .data                                    0x20000042   Section       10  global.o(.data)
    count_by_1ms                             0x2000004a   Data           2  global.o(.data)
    .data                                    0x2000004c   Section        1  gpio.o(.data)
    i                                        0x2000004c   Data           1  gpio.o(.data)
    .data                                    0x20000050   Section        4  stdout.o(.data)
    .bss                                     0x20000054   Section     6204  queue_api.o(.bss)
    .bss                                     0x20001890   Section     1024  manage.o(.bss)
    mBuffer                                  0x20001890   Data        1024  manage.o(.bss)
    .bss                                     0x20001c90   Section      150  arm_receive.o(.bss)
    mBuffer                                  0x20001c90   Data         150  arm_receive.o(.bss)
    .bss                                     0x20001d28   Section       96  adc.o(.bss)
    STACK                                    0x20001d88   Section      512  startup_stm32f10x_hd.o(STACK)

    Global Symbols

    Symbol Name                              Value     Ov Type        Size  Object(Section)

    BuildAttributes$$THM_ISAv4$P$D$K$B$S$PE$A:L22UL41UL21$X:L11$S22US41US21$IEEE1$IW$USESV6$~STKCKD$USESV7$~SHL$OTIME$ROPI$EBA8$MICROLIB$REQ8$PRES8$EABIv2 0x00000000   Number         0  anon$$obj.o ABSOLUTE
    __ARM_use_no_argv                        0x00000000   Number         0  main.o ABSOLUTE
    _printf_a                                0x00000000   Number         0  stubs.o ABSOLUTE
    _printf_c                                0x00000000   Number         0  stubs.o ABSOLUTE
    _printf_charcount                        0x00000000   Number         0  stubs.o ABSOLUTE
    _printf_d                                0x00000000   Number         0  stubs.o ABSOLUTE
    _printf_e                                0x00000000   Number         0  stubs.o ABSOLUTE
    _printf_f                                0x00000000   Number         0  stubs.o ABSOLUTE
    _printf_flags                            0x00000000   Number         0  stubs.o ABSOLUTE
    _printf_fp_dec                           0x00000000   Number         0  stubs.o ABSOLUTE
    _printf_fp_hex                           0x00000000   Number         0  stubs.o ABSOLUTE
    _printf_g                                0x00000000   Number         0  stubs.o ABSOLUTE
    _printf_i                                0x00000000   Number         0  stubs.o ABSOLUTE
    _printf_int_dec                          0x00000000   Number         0  stubs.o ABSOLUTE
    _printf_l                                0x00000000   Number         0  stubs.o ABSOLUTE
    _printf_lc                               0x00000000   Number         0  stubs.o ABSOLUTE
    _printf_ll                               0x00000000   Number         0  stubs.o ABSOLUTE
    _printf_lld                              0x00000000   Number         0  stubs.o ABSOLUTE
    _printf_lli                              0x00000000   Number         0  stubs.o ABSOLUTE
    _printf_llo                              0x00000000   Number         0  stubs.o ABSOLUTE
    _printf_llu                              0x00000000   Number         0  stubs.o ABSOLUTE
    _printf_llx                              0x00000000   Number         0  stubs.o ABSOLUTE
    _printf_longlong_dec                     0x00000000   Number         0  stubs.o ABSOLUTE
    _printf_longlong_hex                     0x00000000   Number         0  stubs.o ABSOLUTE
    _printf_longlong_oct                     0x00000000   Number         0  stubs.o ABSOLUTE
    _printf_ls                               0x00000000   Number         0  stubs.o ABSOLUTE
    _printf_mbtowc                           0x00000000   Number         0  stubs.o ABSOLUTE
    _printf_n                                0x00000000   Number         0  stubs.o ABSOLUTE
    _printf_o                                0x00000000   Number         0  stubs.o ABSOLUTE
    _printf_p                                0x00000000   Number         0  stubs.o ABSOLUTE
    _printf_percent                          0x00000000   Number         0  stubs.o ABSOLUTE
    _printf_pre_padding                      0x00000000   Number         0  stubs.o ABSOLUTE
    _printf_return_value                     0x00000000   Number         0  stubs.o ABSOLUTE
    _printf_s                                0x00000000   Number         0  stubs.o ABSOLUTE
    _printf_sizespec                         0x00000000   Number         0  stubs.o ABSOLUTE
    _printf_str                              0x00000000   Number         0  stubs.o ABSOLUTE
    _printf_truncate_signed                  0x00000000   Number         0  stubs.o ABSOLUTE
    _printf_truncate_unsigned                0x00000000   Number         0  stubs.o ABSOLUTE
    _printf_u                                0x00000000   Number         0  stubs.o ABSOLUTE
    _printf_wc                               0x00000000   Number         0  stubs.o ABSOLUTE
    _printf_wctomb                           0x00000000   Number         0  stubs.o ABSOLUTE
    _printf_widthprec                        0x00000000   Number         0  stubs.o ABSOLUTE
    _printf_x                                0x00000000   Number         0  stubs.o ABSOLUTE
    __cpp_initialize__aeabi_                  - Undefined Weak Reference
    __cxa_finalize                            - Undefined Weak Reference
    __decompress                              - Undefined Weak Reference
    _clock_init                               - Undefined Weak Reference
    _microlib_exit                            - Undefined Weak Reference
    __Vectors_Size                           0x00000130   Number         0  startup_stm32f10x_hd.o ABSOLUTE
    __Vectors                                0x08007000   Data           4  startup_stm32f10x_hd.o(RESET)
    __Vectors_End                            0x08007130   Data           0  startup_stm32f10x_hd.o(RESET)
    __main                                   0x08007131   Thumb Code     0  entry.o(.ARM.Collect$$$$00000000)
    _main_stk                                0x08007131   Thumb Code     0  entry2.o(.ARM.Collect$$$$00000001)
    _main_scatterload                        0x08007135   Thumb Code     0  entry5.o(.ARM.Collect$$$$00000004)
    __main_after_scatterload                 0x08007139   Thumb Code     0  entry5.o(.ARM.Collect$$$$00000004)
    _main_clock                              0x08007139   Thumb Code     0  entry7b.o(.ARM.Collect$$$$00000008)
    _main_cpp_init                           0x08007139   Thumb Code     0  entry8b.o(.ARM.Collect$$$$0000000A)
    _main_init                               0x08007139   Thumb Code     0  entry9a.o(.ARM.Collect$$$$0000000B)
    __rt_final_cpp                           0x08007141   Thumb Code     0  entry10a.o(.ARM.Collect$$$$0000000D)
    __rt_final_exit                          0x08007141   Thumb Code     0  entry11a.o(.ARM.Collect$$$$0000000F)
    SystemInit_ExtMemCtl                     0x08007145   Thumb Code     2  startup_stm32f10x_hd.o(.text)
    Reset_Handler                            0x08007147   Thumb Code    14  startup_stm32f10x_hd.o(.text)
    ADC1_2_IRQHandler                        0x08007167   Thumb Code     0  startup_stm32f10x_hd.o(.text)
    ADC3_IRQHandler                          0x08007167   Thumb Code     0  startup_stm32f10x_hd.o(.text)
    CAN1_RX1_IRQHandler                      0x08007167   Thumb Code     0  startup_stm32f10x_hd.o(.text)
    CAN1_SCE_IRQHandler                      0x08007167   Thumb Code     0  startup_stm32f10x_hd.o(.text)
    DMA1_Channel1_IRQHandler                 0x08007167   Thumb Code     0  startup_stm32f10x_hd.o(.text)
    DMA1_Channel2_IRQHandler                 0x08007167   Thumb Code     0  startup_stm32f10x_hd.o(.text)
    DMA1_Channel3_IRQHandler                 0x08007167   Thumb Code     0  startup_stm32f10x_hd.o(.text)
    DMA1_Channel4_IRQHandler                 0x08007167   Thumb Code     0  startup_stm32f10x_hd.o(.text)
    DMA1_Channel5_IRQHandler                 0x08007167   Thumb Code     0  startup_stm32f10x_hd.o(.text)
    DMA1_Channel6_IRQHandler                 0x08007167   Thumb Code     0  startup_stm32f10x_hd.o(.text)
    DMA1_Channel7_IRQHandler                 0x08007167   Thumb Code     0  startup_stm32f10x_hd.o(.text)
    DMA2_Channel1_IRQHandler                 0x08007167   Thumb Code     0  startup_stm32f10x_hd.o(.text)
    DMA2_Channel2_IRQHandler                 0x08007167   Thumb Code     0  startup_stm32f10x_hd.o(.text)
    DMA2_Channel3_IRQHandler                 0x08007167   Thumb Code     0  startup_stm32f10x_hd.o(.text)
    DMA2_Channel4_5_IRQHandler               0x08007167   Thumb Code     0  startup_stm32f10x_hd.o(.text)
    EXTI0_IRQHandler                         0x08007167   Thumb Code     0  startup_stm32f10x_hd.o(.text)
    EXTI15_10_IRQHandler                     0x08007167   Thumb Code     0  startup_stm32f10x_hd.o(.text)
    EXTI1_IRQHandler                         0x08007167   Thumb Code     0  startup_stm32f10x_hd.o(.text)
    EXTI2_IRQHandler                         0x08007167   Thumb Code     0  startup_stm32f10x_hd.o(.text)
    EXTI3_IRQHandler                         0x08007167   Thumb Code     0  startup_stm32f10x_hd.o(.text)
    EXTI4_IRQHandler                         0x08007167   Thumb Code     0  startup_stm32f10x_hd.o(.text)
    EXTI9_5_IRQHandler                       0x08007167   Thumb Code     0  startup_stm32f10x_hd.o(.text)
    FLASH_IRQHandler                         0x08007167   Thumb Code     0  startup_stm32f10x_hd.o(.text)
    FSMC_IRQHandler                          0x08007167   Thumb Code     0  startup_stm32f10x_hd.o(.text)
    I2C1_ER_IRQHandler                       0x08007167   Thumb Code     0  startup_stm32f10x_hd.o(.text)
    I2C1_EV_IRQHandler                       0x08007167   Thumb Code     0  startup_stm32f10x_hd.o(.text)
    I2C2_ER_IRQHandler                       0x08007167   Thumb Code     0  startup_stm32f10x_hd.o(.text)
    I2C2_EV_IRQHandler                       0x08007167   Thumb Code     0  startup_stm32f10x_hd.o(.text)
    PVD_IRQHandler                           0x08007167   Thumb Code     0  startup_stm32f10x_hd.o(.text)
    RCC_IRQHandler                           0x08007167   Thumb Code     0  startup_stm32f10x_hd.o(.text)
    RTCAlarm_IRQHandler                      0x08007167   Thumb Code     0  startup_stm32f10x_hd.o(.text)
    RTC_IRQHandler                           0x08007167   Thumb Code     0  startup_stm32f10x_hd.o(.text)
    SDIO_IRQHandler                          0x08007167   Thumb Code     0  startup_stm32f10x_hd.o(.text)
    SPI1_IRQHandler                          0x08007167   Thumb Code     0  startup_stm32f10x_hd.o(.text)
    SPI2_IRQHandler                          0x08007167   Thumb Code     0  startup_stm32f10x_hd.o(.text)
    SPI3_IRQHandler                          0x08007167   Thumb Code     0  startup_stm32f10x_hd.o(.text)
    TAMPER_IRQHandler                        0x08007167   Thumb Code     0  startup_stm32f10x_hd.o(.text)
    TIM1_BRK_IRQHandler                      0x08007167   Thumb Code     0  startup_stm32f10x_hd.o(.text)
    TIM1_CC_IRQHandler                       0x08007167   Thumb Code     0  startup_stm32f10x_hd.o(.text)
    TIM1_TRG_COM_IRQHandler                  0x08007167   Thumb Code     0  startup_stm32f10x_hd.o(.text)
    TIM1_UP_IRQHandler                       0x08007167   Thumb Code     0  startup_stm32f10x_hd.o(.text)
    TIM2_IRQHandler                          0x08007167   Thumb Code     0  startup_stm32f10x_hd.o(.text)
    TIM3_IRQHandler                          0x08007167   Thumb Code     0  startup_stm32f10x_hd.o(.text)
    TIM4_IRQHandler                          0x08007167   Thumb Code     0  startup_stm32f10x_hd.o(.text)
    TIM5_IRQHandler                          0x08007167   Thumb Code     0  startup_stm32f10x_hd.o(.text)
    TIM6_IRQHandler                          0x08007167   Thumb Code     0  startup_stm32f10x_hd.o(.text)
    TIM7_IRQHandler                          0x08007167   Thumb Code     0  startup_stm32f10x_hd.o(.text)
    TIM8_BRK_IRQHandler                      0x08007167   Thumb Code     0  startup_stm32f10x_hd.o(.text)
    TIM8_CC_IRQHandler                       0x08007167   Thumb Code     0  startup_stm32f10x_hd.o(.text)
    TIM8_TRG_COM_IRQHandler                  0x08007167   Thumb Code     0  startup_stm32f10x_hd.o(.text)
    TIM8_UP_IRQHandler                       0x08007167   Thumb Code     0  startup_stm32f10x_hd.o(.text)
    UART5_IRQHandler                         0x08007167   Thumb Code     0  startup_stm32f10x_hd.o(.text)
    USART2_IRQHandler                        0x08007167   Thumb Code     0  startup_stm32f10x_hd.o(.text)
    USART3_IRQHandler                        0x08007167   Thumb Code     0  startup_stm32f10x_hd.o(.text)
    USBWakeUp_IRQHandler                     0x08007167   Thumb Code     0  startup_stm32f10x_hd.o(.text)
    USB_HP_CAN1_TX_IRQHandler                0x08007167   Thumb Code     0  startup_stm32f10x_hd.o(.text)
    USB_LP_CAN1_RX0_IRQHandler               0x08007167   Thumb Code     0  startup_stm32f10x_hd.o(.text)
    WWDG_IRQHandler                          0x08007167   Thumb Code     0  startup_stm32f10x_hd.o(.text)
    NMI_Handler                              0x08007175   Thumb Code     2  stm32f10x_it.o(.text)
    HardFault_Handler                        0x08007177   Thumb Code     4  stm32f10x_it.o(.text)
    MemManage_Handler                        0x0800717b   Thumb Code     4  stm32f10x_it.o(.text)
    BusFault_Handler                         0x0800717f   Thumb Code     4  stm32f10x_it.o(.text)
    UsageFault_Handler                       0x08007183   Thumb Code     4  stm32f10x_it.o(.text)
    SVC_Handler                              0x08007187   Thumb Code     2  stm32f10x_it.o(.text)
    DebugMon_Handler                         0x08007189   Thumb Code     2  stm32f10x_it.o(.text)
    PendSV_Handler                           0x0800718b   Thumb Code     2  stm32f10x_it.o(.text)
    SysTick_Handler                          0x0800718d   Thumb Code     8  stm32f10x_it.o(.text)
    USART1_IRQHandler                        0x08007195   Thumb Code   132  stm32f10x_it.o(.text)
    UART4_IRQHandler                         0x08007219   Thumb Code   166  stm32f10x_it.o(.text)
    main                                     0x080072d5   Thumb Code   132  main.o(.text)
    module_init                              0x0800737d   Thumb Code   110  bsp.o(.text)
    bsp_init                                 0x080073eb   Thumb Code    28  bsp.o(.text)
    GPIO_DeInit                              0x0800742d   Thumb Code   188  stm32f10x_gpio.o(.text)
    GPIO_AFIODeInit                          0x080074e9   Thumb Code    20  stm32f10x_gpio.o(.text)
    GPIO_Init                                0x080074fd   Thumb Code   278  stm32f10x_gpio.o(.text)
    GPIO_StructInit                          0x08007613   Thumb Code    16  stm32f10x_gpio.o(.text)
    GPIO_ReadInputDataBit                    0x08007623   Thumb Code    18  stm32f10x_gpio.o(.text)
    GPIO_ReadInputData                       0x08007635   Thumb Code     8  stm32f10x_gpio.o(.text)
    GPIO_ReadOutputDataBit                   0x0800763d   Thumb Code    18  stm32f10x_gpio.o(.text)
    GPIO_ReadOutputData                      0x0800764f   Thumb Code     8  stm32f10x_gpio.o(.text)
    GPIO_SetBits                             0x08007657   Thumb Code     4  stm32f10x_gpio.o(.text)
    GPIO_ResetBits                           0x0800765b   Thumb Code     4  stm32f10x_gpio.o(.text)
    GPIO_WriteBit                            0x0800765f   Thumb Code    10  stm32f10x_gpio.o(.text)
    GPIO_Write                               0x08007669   Thumb Code     4  stm32f10x_gpio.o(.text)
    GPIO_PinLockConfig                       0x0800766d   Thumb Code    18  stm32f10x_gpio.o(.text)
    GPIO_EventOutputConfig                   0x0800767f   Thumb Code    26  stm32f10x_gpio.o(.text)
    GPIO_EventOutputCmd                      0x08007699   Thumb Code     6  stm32f10x_gpio.o(.text)
    GPIO_PinRemapConfig                      0x0800769f   Thumb Code   106  stm32f10x_gpio.o(.text)
    GPIO_EXTILineConfig                      0x08007709   Thumb Code    66  stm32f10x_gpio.o(.text)
    RCC_DeInit                               0x0800775d   Thumb Code    62  stm32f10x_rcc.o(.text)
    RCC_HSEConfig                            0x0800779b   Thumb Code    70  stm32f10x_rcc.o(.text)
    RCC_GetFlagStatus                        0x080077e1   Thumb Code    56  stm32f10x_rcc.o(.text)
    RCC_WaitForHSEStartUp                    0x08007819   Thumb Code    54  stm32f10x_rcc.o(.text)
    RCC_AdjustHSICalibrationValue            0x0800784f   Thumb Code    20  stm32f10x_rcc.o(.text)
    RCC_HSICmd                               0x08007863   Thumb Code     6  stm32f10x_rcc.o(.text)
    RCC_PLLConfig                            0x08007869   Thumb Code    24  stm32f10x_rcc.o(.text)
    RCC_PLLCmd                               0x08007881   Thumb Code     6  stm32f10x_rcc.o(.text)
    RCC_SYSCLKConfig                         0x08007887   Thumb Code    18  stm32f10x_rcc.o(.text)
    RCC_GetSYSCLKSource                      0x08007899   Thumb Code    10  stm32f10x_rcc.o(.text)
    RCC_HCLKConfig                           0x080078a3   Thumb Code    18  stm32f10x_rcc.o(.text)
    RCC_PCLK1Config                          0x080078b5   Thumb Code    18  stm32f10x_rcc.o(.text)
    RCC_PCLK2Config                          0x080078c7   Thumb Code    20  stm32f10x_rcc.o(.text)
    RCC_ITConfig                             0x080078db   Thumb Code    26  stm32f10x_rcc.o(.text)
    RCC_USBCLKConfig                         0x080078f5   Thumb Code     8  stm32f10x_rcc.o(.text)
    RCC_ADCCLKConfig                         0x080078fd   Thumb Code    18  stm32f10x_rcc.o(.text)
    RCC_LSEConfig                            0x0800790f   Thumb Code    50  stm32f10x_rcc.o(.text)
    RCC_LSICmd                               0x08007941   Thumb Code     6  stm32f10x_rcc.o(.text)
    RCC_RTCCLKConfig                         0x08007947   Thumb Code    12  stm32f10x_rcc.o(.text)
    RCC_RTCCLKCmd                            0x08007953   Thumb Code     8  stm32f10x_rcc.o(.text)
    RCC_GetClocksFreq                        0x0800795b   Thumb Code   192  stm32f10x_rcc.o(.text)
    RCC_AHBPeriphClockCmd                    0x08007a1b   Thumb Code    26  stm32f10x_rcc.o(.text)
    RCC_APB2PeriphClockCmd                   0x08007a35   Thumb Code    26  stm32f10x_rcc.o(.text)
    RCC_APB1PeriphClockCmd                   0x08007a4f   Thumb Code    26  stm32f10x_rcc.o(.text)
    RCC_APB2PeriphResetCmd                   0x08007a69   Thumb Code    26  stm32f10x_rcc.o(.text)
    RCC_APB1PeriphResetCmd                   0x08007a83   Thumb Code    26  stm32f10x_rcc.o(.text)
    RCC_BackupResetCmd                       0x08007a9d   Thumb Code     8  stm32f10x_rcc.o(.text)
    RCC_ClockSecuritySystemCmd               0x08007aa5   Thumb Code     6  stm32f10x_rcc.o(.text)
    RCC_MCOConfig                            0x08007aab   Thumb Code     6  stm32f10x_rcc.o(.text)
    RCC_ClearFlag                            0x08007ab1   Thumb Code    14  stm32f10x_rcc.o(.text)
    RCC_GetITStatus                          0x08007abf   Thumb Code    20  stm32f10x_rcc.o(.text)
    RCC_ClearITPendingBit                    0x08007ad3   Thumb Code     6  stm32f10x_rcc.o(.text)
    USART_DeInit                             0x08007afd   Thumb Code   146  stm32f10x_usart.o(.text)
    USART_Init                               0x08007b8f   Thumb Code   150  stm32f10x_usart.o(.text)
    USART_StructInit                         0x08007c25   Thumb Code    24  stm32f10x_usart.o(.text)
    USART_ClockInit                          0x08007c3d   Thumb Code    34  stm32f10x_usart.o(.text)
    USART_ClockStructInit                    0x08007c5f   Thumb Code    12  stm32f10x_usart.o(.text)
    USART_Cmd                                0x08007c6b   Thumb Code    24  stm32f10x_usart.o(.text)
    USART_ITConfig                           0x08007c83   Thumb Code    64  stm32f10x_usart.o(.text)
    USART_DMACmd                             0x08007cc3   Thumb Code    18  stm32f10x_usart.o(.text)
    USART_SetAddress                         0x08007cd5   Thumb Code    18  stm32f10x_usart.o(.text)
    USART_WakeUpConfig                       0x08007ce7   Thumb Code    18  stm32f10x_usart.o(.text)
    USART_ReceiverWakeUpCmd                  0x08007cf9   Thumb Code    24  stm32f10x_usart.o(.text)
    USART_LINBreakDetectLengthConfig         0x08007d11   Thumb Code    18  stm32f10x_usart.o(.text)
    USART_LINCmd                             0x08007d23   Thumb Code    24  stm32f10x_usart.o(.text)
    USART_SendData                           0x08007d3b   Thumb Code     8  stm32f10x_usart.o(.text)
    USART_ReceiveData                        0x08007d43   Thumb Code    10  stm32f10x_usart.o(.text)
    USART_SendBreak                          0x08007d4d   Thumb Code    10  stm32f10x_usart.o(.text)
    USART_SetGuardTime                       0x08007d57   Thumb Code    16  stm32f10x_usart.o(.text)
    USART_SetPrescaler                       0x08007d67   Thumb Code    16  stm32f10x_usart.o(.text)
    USART_SmartCardCmd                       0x08007d77   Thumb Code    24  stm32f10x_usart.o(.text)
    USART_SmartCardNACKCmd                   0x08007d8f   Thumb Code    24  stm32f10x_usart.o(.text)
    USART_HalfDuplexCmd                      0x08007da7   Thumb Code    24  stm32f10x_usart.o(.text)
    USART_IrDAConfig                         0x08007dbf   Thumb Code    18  stm32f10x_usart.o(.text)
    USART_IrDACmd                            0x08007dd1   Thumb Code    24  stm32f10x_usart.o(.text)
    USART_GetFlagStatus                      0x08007de9   Thumb Code    18  stm32f10x_usart.o(.text)
    USART_ClearFlag                          0x08007dfb   Thumb Code     6  stm32f10x_usart.o(.text)
    USART_GetITStatus                        0x08007e01   Thumb Code    76  stm32f10x_usart.o(.text)
    USART_ClearITPendingBit                  0x08007e4d   Thumb Code    20  stm32f10x_usart.o(.text)
    NVIC_PriorityGroupConfig                 0x08007e6d   Thumb Code    10  misc.o(.text)
    NVIC_Init                                0x08007e77   Thumb Code   100  misc.o(.text)
    NVIC_SetVectorTable                      0x08007edb   Thumb Code    14  misc.o(.text)
    NVIC_SystemLPConfig                      0x08007ee9   Thumb Code    34  misc.o(.text)
    SysTick_CLKSourceConfig                  0x08007f0b   Thumb Code    40  misc.o(.text)
    DMA_DeInit                               0x08007f49   Thumb Code   306  stm32f10x_dma.o(.text)
    DMA_Init                                 0x0800807b   Thumb Code    60  stm32f10x_dma.o(.text)
    DMA_StructInit                           0x080080b7   Thumb Code    26  stm32f10x_dma.o(.text)
    DMA_Cmd                                  0x080080d1   Thumb Code    22  stm32f10x_dma.o(.text)
    DMA_ITConfig                             0x080080e7   Thumb Code    18  stm32f10x_dma.o(.text)
    DMA_GetCurrDataCounter                   0x080080f9   Thumb Code     8  stm32f10x_dma.o(.text)
    DMA_GetFlagStatus                        0x08008101   Thumb Code    40  stm32f10x_dma.o(.text)
    DMA_ClearFlag                            0x08008129   Thumb Code    20  stm32f10x_dma.o(.text)
    DMA_GetITStatus                          0x0800813d   Thumb Code    40  stm32f10x_dma.o(.text)
    DMA_ClearITPendingBit                    0x08008165   Thumb Code    20  stm32f10x_dma.o(.text)
    ADC_DeInit                               0x08008189   Thumb Code    90  stm32f10x_adc.o(.text)
    ADC_Init                                 0x080081e3   Thumb Code    70  stm32f10x_adc.o(.text)
    ADC_StructInit                           0x08008229   Thumb Code    18  stm32f10x_adc.o(.text)
    ADC_Cmd                                  0x0800823b   Thumb Code    22  stm32f10x_adc.o(.text)
    ADC_DMACmd                               0x08008251   Thumb Code    22  stm32f10x_adc.o(.text)
    ADC_ITConfig                             0x08008267   Thumb Code    24  stm32f10x_adc.o(.text)
    ADC_ResetCalibration                     0x0800827f   Thumb Code    10  stm32f10x_adc.o(.text)
    ADC_GetResetCalibrationStatus            0x08008289   Thumb Code    20  stm32f10x_adc.o(.text)
    ADC_StartCalibration                     0x0800829d   Thumb Code    10  stm32f10x_adc.o(.text)
    ADC_GetCalibrationStatus                 0x080082a7   Thumb Code    20  stm32f10x_adc.o(.text)
    ADC_SoftwareStartConvCmd                 0x080082bb   Thumb Code    22  stm32f10x_adc.o(.text)
    ADC_GetSoftwareStartConvStatus           0x080082d1   Thumb Code    20  stm32f10x_adc.o(.text)
    ADC_DiscModeChannelCountConfig           0x080082e5   Thumb Code    24  stm32f10x_adc.o(.text)
    ADC_DiscModeCmd                          0x080082fd   Thumb Code    22  stm32f10x_adc.o(.text)
    ADC_RegularChannelConfig                 0x08008313   Thumb Code   184  stm32f10x_adc.o(.text)
    ADC_ExternalTrigConvCmd                  0x080083cb   Thumb Code    22  stm32f10x_adc.o(.text)
    ADC_GetConversionValue                   0x080083e1   Thumb Code     8  stm32f10x_adc.o(.text)
    ADC_GetDualModeConversionValue           0x080083e9   Thumb Code     6  stm32f10x_adc.o(.text)
    ADC_AutoInjectedConvCmd                  0x080083ef   Thumb Code    22  stm32f10x_adc.o(.text)
    ADC_InjectedDiscModeCmd                  0x08008405   Thumb Code    22  stm32f10x_adc.o(.text)
    ADC_ExternalTrigInjectedConvConfig       0x0800841b   Thumb Code    16  stm32f10x_adc.o(.text)
    ADC_ExternalTrigInjectedConvCmd          0x0800842b   Thumb Code    22  stm32f10x_adc.o(.text)
    ADC_SoftwareStartInjectedConvCmd         0x08008441   Thumb Code    22  stm32f10x_adc.o(.text)
    ADC_GetSoftwareStartInjectedConvCmdStatus 0x08008457   Thumb Code    20  stm32f10x_adc.o(.text)
    ADC_InjectedChannelConfig                0x0800846b   Thumb Code   130  stm32f10x_adc.o(.text)
    ADC_InjectedSequencerLengthConfig        0x080084ed   Thumb Code    24  stm32f10x_adc.o(.text)
    ADC_SetInjectedOffset                    0x08008505   Thumb Code     4  stm32f10x_adc.o(.text)
    ADC_GetInjectedConversionValue           0x08008509   Thumb Code    10  stm32f10x_adc.o(.text)
    ADC_AnalogWatchdogCmd                    0x08008513   Thumb Code    16  stm32f10x_adc.o(.text)
    ADC_AnalogWatchdogThresholdsConfig       0x08008523   Thumb Code     6  stm32f10x_adc.o(.text)
    ADC_AnalogWatchdogSingleChannelConfig    0x08008529   Thumb Code    16  stm32f10x_adc.o(.text)
    ADC_TempSensorVrefintCmd                 0x08008539   Thumb Code    38  stm32f10x_adc.o(.text)
    ADC_GetFlagStatus                        0x0800855f   Thumb Code    38  stm32f10x_adc.o(.text)
    ADC_ClearFlag                            0x08008585   Thumb Code     6  stm32f10x_adc.o(.text)
    ADC_GetITStatus                          0x0800858b   Thumb Code    36  stm32f10x_adc.o(.text)
    ADC_ClearITPendingBit                    0x080085af   Thumb Code    10  stm32f10x_adc.o(.text)
    SystemInit                               0x0800869d   Thumb Code    68  system_stm32f10x.o(.text)
    API_StringCopy                           0x080086f1   Thumb Code    24  queue_api.o(.text)
    CreateQueue                              0x08008709   Thumb Code    30  queue_api.o(.text)
    TraverseQueue                            0x08008727   Thumb Code    50  queue_api.o(.text)
    IsQueueFull                              0x08008759   Thumb Code    30  queue_api.o(.text)
    IsQueueEmpty                             0x08008777   Thumb Code    18  queue_api.o(.text)
    ClearQueue                               0x08008789   Thumb Code     8  queue_api.o(.text)
    InsertQueueValue                         0x08008791   Thumb Code    50  queue_api.o(.text)
    GetQueneValue                            0x080087c3   Thumb Code    46  queue_api.o(.text)
    CreateQueueForArray                      0x080087f1   Thumb Code    38  queue_api.o(.text)
    InsertQueueArray                         0x08008817   Thumb Code    72  queue_api.o(.text)
    GetQueneArray                            0x0800885f   Thumb Code    68  queue_api.o(.text)
    manage_receive                           0x08008901   Thumb Code   348  manage.o(.text)
    manage                                   0x08008a5d   Thumb Code     8  manage.o(.text)
    Manage_Help                              0x08008a85   Thumb Code    34  manage_handle.o(.text)
    AscllToHex                               0x08008aa7   Thumb Code    46  manage_handle.o(.text)
    Manage_Handle_perform                    0x08008ad5   Thumb Code   496  manage_handle.o(.text)
    Manage_Handle                            0x08008cc5   Thumb Code   254  manage_handle.o(.text)
    PrintArmDirective                        0x08008ef5   Thumb Code    96  arm_receive.o(.text)
    HandleSetCommandFrame                    0x08008f55   Thumb Code    40  arm_receive.o(.text)
    HandleReqCommandFrame                    0x08008f7d   Thumb Code    70  arm_receive.o(.text)
    HandleArmFrame                           0x08008fc3   Thumb Code    58  arm_receive.o(.text)
    arm_receive                              0x08008ffd   Thumb Code   272  arm_receive.o(.text)
    APP_IPC_Msg_Process                      0x0800910d   Thumb Code    56  arm_receive.o(.text)
    usart1_config                            0x080091cd   Thumb Code   134  usart.o(.text)
    uart4_config                             0x08009253   Thumb Code   148  usart.o(.text)
    uart4_send_byte                          0x080092e7   Thumb Code   152  usart.o(.text)
    nvic_config                              0x080093cd   Thumb Code    58  nvic.o(.text)
    fputc                                    0x08009409   Thumb Code    32  global.o(.text)
    byte_crc                                 0x08009429   Thumb Code    80  global.o(.text)
    SetTimeSlickTick                         0x08009479   Thumb Code   182  global.o(.text)
    gpio_config                              0x08009555   Thumb Code    40  gpio.o(.text)
    led_toggle                               0x0800957d   Thumb Code    46  gpio.o(.text)
    adc_init                                 0x080097c1   Thumb Code    12  adc.o(.text)
    printf_adc_value                         0x080097cd   Thumb Code  1260  adc.o(.text)
    __aeabi_memset                           0x08009e4d   Thumb Code    14  memseta.o(.text)
    __aeabi_memset4                          0x08009e4d   Thumb Code     0  memseta.o(.text)
    __aeabi_memset8                          0x08009e4d   Thumb Code     0  memseta.o(.text)
    __aeabi_memclr                           0x08009e5b   Thumb Code     4  memseta.o(.text)
    __aeabi_memclr4                          0x08009e5b   Thumb Code     0  memseta.o(.text)
    __aeabi_memclr8                          0x08009e5b   Thumb Code     0  memseta.o(.text)
    _memset$wrapper                          0x08009e5f   Thumb Code    18  memseta.o(.text)
    strlen                                   0x08009e71   Thumb Code    14  strlen.o(.text)
    strcmp                                   0x08009e7f   Thumb Code    28  strcmp.o(.text)
    __aeabi_fdiv                             0x08009e9b   Thumb Code   124  fdiv.o(.text)
    __aeabi_dmul                             0x08009f17   Thumb Code   228  dmul.o(.text)
    __aeabi_ui2f                             0x08009ffb   Thumb Code    10  ffltui.o(.text)
    __aeabi_f2d                              0x0800a005   Thumb Code    38  f2d.o(.text)
    __aeabi_d2f                              0x0800a02b   Thumb Code    56  d2f.o(.text)
    __aeabi_uidiv                            0x0800a063   Thumb Code     0  uidiv.o(.text)
    __aeabi_uidivmod                         0x0800a063   Thumb Code    44  uidiv.o(.text)
    __aeabi_uldivmod                         0x0800a08f   Thumb Code    98  uldiv.o(.text)
    __I$use$fp                               0x0800a0f1   Thumb Code     0  iusefp.o(.text)
    _float_round                             0x0800a0f1   Thumb Code    18  fepilogue.o(.text)
    _float_epilogue                          0x0800a103   Thumb Code    92  fepilogue.o(.text)
    _double_round                            0x0800a15f   Thumb Code    30  depilogue.o(.text)
    _double_epilogue                         0x0800a17d   Thumb Code   156  depilogue.o(.text)
    __aeabi_dadd                             0x0800a219   Thumb Code   322  dadd.o(.text)
    __aeabi_dsub                             0x0800a35b   Thumb Code     6  dadd.o(.text)
    __aeabi_drsub                            0x0800a361   Thumb Code     6  dadd.o(.text)
    __aeabi_ddiv                             0x0800a367   Thumb Code   222  ddiv.o(.text)
    __aeabi_d2ulz                            0x0800a445   Thumb Code    48  dfixul.o(.text)
    __aeabi_cdrcmple                         0x0800a475   Thumb Code    48  cdrcmple.o(.text)
    __scatterload                            0x0800a4a5   Thumb Code    28  init.o(.text)
    __scatterload_rt2                        0x0800a4a5   Thumb Code     0  init.o(.text)
    __aeabi_llsl                             0x0800a4c9   Thumb Code    30  llshl.o(.text)
    _ll_shift_l                              0x0800a4c9   Thumb Code     0  llshl.o(.text)
    __aeabi_llsr                             0x0800a4e7   Thumb Code    32  llushr.o(.text)
    _ll_ushift_r                             0x0800a4e7   Thumb Code     0  llushr.o(.text)
    __aeabi_lasr                             0x0800a507   Thumb Code    36  llsshr.o(.text)
    _ll_sshift_r                             0x0800a507   Thumb Code     0  llsshr.o(.text)
    __0printf                                0x0800a52d   Thumb Code    22  printfa.o(i.__0printf)
    __1printf                                0x0800a52d   Thumb Code     0  printfa.o(i.__0printf)
    __2printf                                0x0800a52d   Thumb Code     0  printfa.o(i.__0printf)
    __c89printf                              0x0800a52d   Thumb Code     0  printfa.o(i.__0printf)
    printf                                   0x0800a52d   Thumb Code     0  printfa.o(i.__0printf)
    __scatterload_copy                       0x0800a54d   Thumb Code    14  handlers.o(i.__scatterload_copy)
    __scatterload_null                       0x0800a55b   Thumb Code     2  handlers.o(i.__scatterload_null)
    __scatterload_zeroinit                   0x0800a55d   Thumb Code    14  handlers.o(i.__scatterload_zeroinit)
    Region$$Table$$Base                      0x0800af00   Number         0  anon$$obj.o(Region$$Table)
    Region$$Table$$Limit                     0x0800af20   Number         0  anon$$obj.o(Region$$Table)
    pHelpBuffer                              0x20000018   Data          40  manage_handle.o(.data)
    TICK_2MS_EVENT                           0x20000042   Data           1  global.o(.data)
    TICK_5MS_EVENT                           0x20000043   Data           1  global.o(.data)
    TICK_10MS_EVENT                          0x20000044   Data           1  global.o(.data)
    TICK_20MS_EVENT                          0x20000045   Data           1  global.o(.data)
    TICK_50MS_EVENT                          0x20000046   Data           1  global.o(.data)
    TICK_100MS_EVENT                         0x20000047   Data           1  global.o(.data)
    TICK_1S_EVENT                            0x20000048   Data           1  global.o(.data)
    __stdout                                 0x20000050   Data           4  stdout.o(.data)
    Uart1ReceiveQueue                        0x20000054   Data        1044  queue_api.o(.bss)
    Uart4TransmitQueue                       0x20000468   Data        1044  queue_api.o(.bss)
    Uart4ReceiveQueue                        0x2000087c   Data        1044  queue_api.o(.bss)
    uart1_rx_buff                            0x20000c90   Data        1024  queue_api.o(.bss)
    uart4_rx_buff                            0x20001090   Data        1024  queue_api.o(.bss)
    uart4_tx_buff                            0x20001490   Data        1024  queue_api.o(.bss)
    ADC_ConvertedValue                       0x20001d28   Data          32  adc.o(.bss)
    ADC_ConvertedValueLocal                  0x20001d48   Data          64  adc.o(.bss)
    __initial_sp                             0x20001f88   Data           0  startup_stm32f10x_hd.o(STACK)



==============================================================================

Memory Map of the image

  Image Entry point : 0x08007131

  Load Region LR_IROM1 (Base: 0x08007000, Size: 0x00003f74, Max: 0x0000a000, ABSOLUTE)

    Execution Region ER_IROM1 (Exec base: 0x08007000, Load base: 0x08007000, Size: 0x00003f20, Max: 0x0000a000, ABSOLUTE)

    Exec Addr    Load Addr    Size         Type   Attr      Idx    E Section Name        Object

    0x08007000   0x08007000   0x00000130   Data   RO            3    RESET               startup_stm32f10x_hd.o
    0x08007130   0x08007130   0x00000000   Code   RO          404  * .ARM.Collect$$$$00000000  mc_w.l(entry.o)
    0x08007130   0x08007130   0x00000004   Code   RO          684    .ARM.Collect$$$$00000001  mc_w.l(entry2.o)
    0x08007134   0x08007134   0x00000004   Code   RO          687    .ARM.Collect$$$$00000004  mc_w.l(entry5.o)
    0x08007138   0x08007138   0x00000000   Code   RO          689    .ARM.Collect$$$$00000008  mc_w.l(entry7b.o)
    0x08007138   0x08007138   0x00000000   Code   RO          691    .ARM.Collect$$$$0000000A  mc_w.l(entry8b.o)
    0x08007138   0x08007138   0x00000008   Code   RO          692    .ARM.Collect$$$$0000000B  mc_w.l(entry9a.o)
    0x08007140   0x08007140   0x00000000   Code   RO          694    .ARM.Collect$$$$0000000D  mc_w.l(entry10a.o)
    0x08007140   0x08007140   0x00000000   Code   RO          696    .ARM.Collect$$$$0000000F  mc_w.l(entry11a.o)
    0x08007140   0x08007140   0x00000004   Code   RO          685    .ARM.Collect$$$$00002712  mc_w.l(entry2.o)
    0x08007144   0x08007144   0x00000030   Code   RO            4    .text               startup_stm32f10x_hd.o
    0x08007174   0x08007174   0x00000160   Code   RO           10    .text               stm32f10x_it.o
    0x080072d4   0x080072d4   0x000000a8   Code   RO           71    .text               main.o
    0x0800737c   0x0800737c   0x000000b0   Code   RO          121    .text               bsp.o
    0x0800742c   0x0800742c   0x00000330   Code   RO          136    .text               stm32f10x_gpio.o
    0x0800775c   0x0800775c   0x000003a0   Code   RO          148    .text               stm32f10x_rcc.o
    0x08007afc   0x08007afc   0x00000370   Code   RO          162    .text               stm32f10x_usart.o
    0x08007e6c   0x08007e6c   0x000000dc   Code   RO          186    .text               misc.o
    0x08007f48   0x08007f48   0x00000240   Code   RO          198    .text               stm32f10x_dma.o
    0x08008188   0x08008188   0x00000430   Code   RO          210    .text               stm32f10x_adc.o
    0x080085b8   0x080085b8   0x00000138   Code   RO          232    .text               system_stm32f10x.o
    0x080086f0   0x080086f0   0x00000210   Code   RO          250    .text               queue_api.o
    0x08008900   0x08008900   0x00000184   Code   RO          268    .text               manage.o
    0x08008a84   0x08008a84   0x00000470   Code   RO          282    .text               manage_handle.o
    0x08008ef4   0x08008ef4   0x000002d8   Code   RO          298    .text               arm_receive.o
    0x080091cc   0x080091cc   0x00000200   Code   RO          312    .text               usart.o
    0x080093cc   0x080093cc   0x0000003a   Code   RO          343    .text               nvic.o
    0x08009406   0x08009406   0x00000002   PAD
    0x08009408   0x08009408   0x0000014c   Code   RO          355    .text               global.o
    0x08009554   0x08009554   0x00000060   Code   RO          373    .text               gpio.o
    0x080095b4   0x080095b4   0x00000898   Code   RO          389    .text               adc.o
    0x08009e4c   0x08009e4c   0x00000024   Code   RO          407    .text               mc_w.l(memseta.o)
    0x08009e70   0x08009e70   0x0000000e   Code   RO          409    .text               mc_w.l(strlen.o)
    0x08009e7e   0x08009e7e   0x0000001c   Code   RO          411    .text               mc_w.l(strcmp.o)
    0x08009e9a   0x08009e9a   0x0000007c   Code   RO          674    .text               mf_w.l(fdiv.o)
    0x08009f16   0x08009f16   0x000000e4   Code   RO          676    .text               mf_w.l(dmul.o)
    0x08009ffa   0x08009ffa   0x0000000a   Code   RO          678    .text               mf_w.l(ffltui.o)
    0x0800a004   0x0800a004   0x00000026   Code   RO          680    .text               mf_w.l(f2d.o)
    0x0800a02a   0x0800a02a   0x00000038   Code   RO          682    .text               mf_w.l(d2f.o)
    0x0800a062   0x0800a062   0x0000002c   Code   RO          699    .text               mc_w.l(uidiv.o)
    0x0800a08e   0x0800a08e   0x00000062   Code   RO          701    .text               mc_w.l(uldiv.o)
    0x0800a0f0   0x0800a0f0   0x00000000   Code   RO          703    .text               mc_w.l(iusefp.o)
    0x0800a0f0   0x0800a0f0   0x0000006e   Code   RO          704    .text               mf_w.l(fepilogue.o)
    0x0800a15e   0x0800a15e   0x000000ba   Code   RO          706    .text               mf_w.l(depilogue.o)
    0x0800a218   0x0800a218   0x0000014e   Code   RO          708    .text               mf_w.l(dadd.o)
    0x0800a366   0x0800a366   0x000000de   Code   RO          710    .text               mf_w.l(ddiv.o)
    0x0800a444   0x0800a444   0x00000030   Code   RO          712    .text               mf_w.l(dfixul.o)
    0x0800a474   0x0800a474   0x00000030   Code   RO          714    .text               mf_w.l(cdrcmple.o)
    0x0800a4a4   0x0800a4a4   0x00000024   Code   RO          716    .text               mc_w.l(init.o)
    0x0800a4c8   0x0800a4c8   0x0000001e   Code   RO          718    .text               mc_w.l(llshl.o)
    0x0800a4e6   0x0800a4e6   0x00000020   Code   RO          720    .text               mc_w.l(llushr.o)
    0x0800a506   0x0800a506   0x00000024   Code   RO          722    .text               mc_w.l(llsshr.o)
    0x0800a52a   0x0800a52a   0x00000002   PAD
    0x0800a52c   0x0800a52c   0x00000020   Code   RO          646    i.__0printf         mc_w.l(printfa.o)
    0x0800a54c   0x0800a54c   0x0000000e   Code   RO          726    i.__scatterload_copy  mc_w.l(handlers.o)
    0x0800a55a   0x0800a55a   0x00000002   Code   RO          727    i.__scatterload_null  mc_w.l(handlers.o)
    0x0800a55c   0x0800a55c   0x0000000e   Code   RO          728    i.__scatterload_zeroinit  mc_w.l(handlers.o)
    0x0800a56a   0x0800a56a   0x00000002   PAD
    0x0800a56c   0x0800a56c   0x00000184   Code   RO          653    i._fp_digits        mc_w.l(printfa.o)
    0x0800a6f0   0x0800a6f0   0x000006dc   Code   RO          654    i._printf_core      mc_w.l(printfa.o)
    0x0800adcc   0x0800adcc   0x00000024   Code   RO          655    i._printf_post_padding  mc_w.l(printfa.o)
    0x0800adf0   0x0800adf0   0x0000002e   Code   RO          656    i._printf_pre_padding  mc_w.l(printfa.o)
    0x0800ae1e   0x0800ae1e   0x00000002   PAD
    0x0800ae20   0x0800ae20   0x000000e0   Data   RO          283    .conststring        manage_handle.o
    0x0800af00   0x0800af00   0x00000020   Data   RO          724    Region$$Table       anon$$obj.o


    Execution Region RW_IRAM1 (Exec base: 0x20000000, Load base: 0x0800af20, Size: 0x00001f88, Max: 0x00010000, ABSOLUTE)

    Exec Addr    Load Addr    Size         Type   Attr      Idx    E Section Name        Object

    0x20000000   0x0800af20   0x00000014   Data   RW          149    .data               stm32f10x_rcc.o
    0x20000014   0x0800af34   0x00000003   Data   RW          270    .data               manage.o
    0x20000017   0x0800af37   0x00000001   PAD
    0x20000018   0x0800af38   0x00000028   Data   RW          284    .data               manage_handle.o
    0x20000040   0x0800af60   0x00000002   Data   RW          300    .data               arm_receive.o
    0x20000042   0x0800af62   0x0000000a   Data   RW          356    .data               global.o
    0x2000004c   0x0800af6c   0x00000001   Data   RW          374    .data               gpio.o
    0x2000004d   0x0800af6d   0x00000003   PAD
    0x20000050   0x0800af70   0x00000004   Data   RW          698    .data               mc_w.l(stdout.o)
    0x20000054        -       0x0000183c   Zero   RW          251    .bss                queue_api.o
    0x20001890        -       0x00000400   Zero   RW          269    .bss                manage.o
    0x20001c90        -       0x00000096   Zero   RW          299    .bss                arm_receive.o
    0x20001d26   0x0800af74   0x00000002   PAD
    0x20001d28        -       0x00000060   Zero   RW          390    .bss                adc.o
    0x20001d88        -       0x00000200   Zero   RW            1    STACK               startup_stm32f10x_hd.o


==============================================================================

Image component sizes


      Code (inc. data)   RO Data    RW Data    ZI Data      Debug   Object Name

      2200        432          0          0         96       1837   adc.o
       728        152          0          2        150       2215   arm_receive.o
       176         38          0          0          0       4971   bsp.o
       332         38          0         10          0       1913   global.o
        96         10          0          1          0        577   gpio.o
       168         36          0          0          0       2951   main.o
       388         32          0          3       1024        832   manage.o
      1136        306        224         40          0       2707   manage_handle.o
       220         22          0          0          0       1681   misc.o
        58          0          0          0          0        458   nvic.o
       528         94          0          0       6204       4524   queue_api.o
        48         12        304          0        512        860   startup_stm32f10x_hd.o
      1072         20          0          0          0      10829   stm32f10x_adc.o
       576         16          0          0          0       3435   stm32f10x_dma.o
       816         18          0          0          0       5139   stm32f10x_gpio.o
       352         22          0          0          0     246509   stm32f10x_it.o
       928         36          0         20          0       8748   stm32f10x_rcc.o
       880         12          0          0          0       7771   stm32f10x_usart.o
       312         16          0          0          0       1113   system_stm32f10x.o
       512         78          0          0          0       1529   usart.o

    ----------------------------------------------------------------------
     11528       1390        560         80       7988     310599   Object Totals
         0          0         32          0          0          0   (incl. Generated)
         2          0          0          4          2          0   (incl. Padding)

    ----------------------------------------------------------------------

      Code (inc. data)   RO Data    RW Data    ZI Data      Debug   Library Member Name

         0          0          0          0          0          0   entry.o
         0          0          0          0          0          0   entry10a.o
         0          0          0          0          0          0   entry11a.o
         8          4          0          0          0          0   entry2.o
         4          0          0          0          0          0   entry5.o
         0          0          0          0          0          0   entry7b.o
         0          0          0          0          0          0   entry8b.o
         8          4          0          0          0          0   entry9a.o
        30          0          0          0          0          0   handlers.o
        36          8          0          0          0         68   init.o
         0          0          0          0          0          0   iusefp.o
        30          0          0          0          0         68   llshl.o
        36          0          0          0          0         68   llsshr.o
        32          0          0          0          0         68   llushr.o
        36          0          0          0          0        108   memseta.o
      2258         90          0          0          0        452   printfa.o
         0          0          0          4          0          0   stdout.o
        28          0          0          0          0         76   strcmp.o
        14          0          0          0          0         68   strlen.o
        44          0          0          0          0         80   uidiv.o
        98          0          0          0          0         92   uldiv.o
        48          0          0          0          0         68   cdrcmple.o
        56          0          0          0          0         88   d2f.o
       334          0          0          0          0        148   dadd.o
       222          0          0          0          0        100   ddiv.o
       186          0          0          0          0        176   depilogue.o
        48          0          0          0          0         68   dfixul.o
       228          0          0          0          0         96   dmul.o
        38          0          0          0          0         68   f2d.o
       124          0          0          0          0         88   fdiv.o
       110          0          0          0          0        168   fepilogue.o
        10          0          0          0          0         68   ffltui.o

    ----------------------------------------------------------------------
      4072        106          0          4          0       2284   Library Totals
         6          0          0          0          0          0   (incl. Padding)

    ----------------------------------------------------------------------

      Code (inc. data)   RO Data    RW Data    ZI Data      Debug   Library Name

      2662        106          0          4          0       1148   mc_w.l
      1404          0          0          0          0       1136   mf_w.l

    ----------------------------------------------------------------------
      4072        106          0          4          0       2284   Library Totals

    ----------------------------------------------------------------------

==============================================================================


      Code (inc. data)   RO Data    RW Data    ZI Data      Debug   

     15600       1496        560         84       7988     310071   Grand Totals
     15600       1496        560         84       7988     310071   ELF Image Totals
     15600       1496        560         84          0          0   ROM Totals

==============================================================================

    Total RO  Size (Code + RO Data)                16160 (  15.78kB)
    Total RW  Size (RW Data + ZI Data)              8072 (   7.88kB)
    Total ROM Size (Code + RO Data + RW Data)      16244 (  15.86kB)

==============================================================================

